// Jest Snapshot v1, https://goo.gl/fbAQLP

exports[`FirebaseComponent should compile 1`] = `
<test-component>
  <pm-firebase>
    <mat-card
      class="mat-card"
    >
      <h2>
        Notes (Firebase Realtime Database)
      </h2>
      <div>
        <h3>
          Collection
        </h3>
        <form
          class="ng-untouched ng-pristine ng-invalid"
          ng-reflect-form="[object Object]"
          novalidate=""
        >
          <mat-form-field
            class="mat-form-field ng-tns-c1-0 mat-primary mat-form-field-type-mat-input mat-form-field-appearance-legacy mat-form-field-can-float mat-form-field-hide-placeholder ng-untouched ng-pristine ng-invalid"
          >
            <div
              class="mat-form-field-wrapper"
            >
              <div
                class="mat-form-field-flex"
              >
                
                <div
                  class="mat-form-field-infix"
                >
                  <input
                    aria-invalid="false"
                    aria-required="false"
                    class="mat-input-element mat-form-field-autofill-control cdk-text-field-autofill-monitored ng-untouched ng-pristine ng-invalid"
                    formcontrolname="note"
                    id="mat-input-0"
                    matinput=""
                    ng-reflect-name="note"
                    ng-reflect-placeholder="add your note"
                    placeholder="add your note"
                  />
                  <span
                    class="mat-form-field-label-wrapper"
                  >
                    
                    <label
                      aria-owns="mat-input-0"
                      class="mat-form-field-label ng-tns-c1-0 mat-empty mat-form-field-empty ng-star-inserted"
                      for="mat-input-0"
                      ng-reflect-ng-switch="false"
                    >
                      
                      
                      add your note
                      
                      
                    </label>
                  </span>
                </div>
                
              </div>
              
              <div
                class="mat-form-field-underline ng-tns-c1-0 ng-star-inserted"
              >
                <span
                  class="mat-form-field-ripple"
                />
              </div>
              
              <div
                class="mat-form-field-subscript-wrapper"
                ng-reflect-ng-switch="hint"
              >
                
                
                <div
                  class="mat-form-field-hint-wrapper ng-tns-c1-0 ng-trigger ng-trigger-transitionMessages ng-star-inserted"
                  style="opacity: 1;"
                >
                  
                  <div
                    class="mat-form-field-hint-spacer"
                  />
                </div>
              </div>
            </div>
          </mat-form-field>
          <div>
            <button
              class="mat-raised-button mat-primary"
              color="primary"
              mat-raised-button=""
              ng-reflect-color="primary"
              type="submit"
            >
              <span
                class="mat-button-wrapper"
              >
                Save
              </span>
              <div
                class="mat-button-ripple mat-ripple"
                matripple=""
                ng-reflect-centered="false"
                ng-reflect-disabled="false"
                ng-reflect-trigger="[object HTMLButtonElement]"
              />
              <div
                class="mat-button-focus-overlay"
              />
            </button>
            <button
              class="mat-raised-button mat-accent"
              color="accent"
              mat-raised-button=""
              ng-reflect-color="accent"
              type="button"
            >
              <span
                class="mat-button-wrapper"
              >
                Delete All
              </span>
              <div
                class="mat-button-ripple mat-ripple"
                matripple=""
                ng-reflect-centered="false"
                ng-reflect-disabled="false"
                ng-reflect-trigger="[object HTMLButtonElement]"
              />
              <div
                class="mat-button-focus-overlay"
              />
            </button>
          </div>
        </form>
        <ul>
          
        </ul>
      </div>
      <div>
        <h3>
          Object
        </h3>
        
        <div
          class="ng-star-inserted"
        >
           {} 
        </div>
      </div>
    </mat-card>
    <mat-card
      class="mat-card"
    >
      <h2>
        Docs (Firestore)
      </h2>
      <ul>
        
      </ul>
    </mat-card>
  </pm-firebase>
</test-component>
`;
