// Jest Snapshot v1, https://goo.gl/fbAQLP

exports[`NavbarComponent should compile 1`] = `
<div
  id="root0"
  ng-version="6.0.0-beta.7"
>
  <nav>
    
    <ul>
      <li>
        <a
          href="/"
          ng-reflect-router-link=""
          routerlink=""
          title="I am lazy also!"
        >
          Home
        </a>
      </li>
      <li>
        <a
          href="/about"
          ng-reflect-router-link="about"
          routerlink="about"
          title="I am a lazy module for the about page"
        >
          Performance
        </a>
      </li>
      <li>
        <a
          href="/demos"
          ng-reflect-router-link="demos"
          routerlink="demos"
          title="I am a lazy module for the demos page"
        >
          Isomorphic
        </a>
      </li>
      <li>
        <a
          href="/api-docs"
          pmexternallink=""
          title="View the rest API docs"
        >
          API Docs
        </a>
      </li>
      <li>
        <a
          href="https://github.com/patrickmichalina/fusing-angular"
          pmexternallink=""
        >
          View on Github
        </a>
      </li>
      <li
        ng-reflect-ng-switch="0"
      >
        
        <div>
          <div>
            Welcome, undefined 
          </div>
          <div>
            <span>
              You have the following roles
            </span>
            <ul>
              
            </ul>
          </div>
          <button>
            Logout
          </button>
        </div>
        
      </li>
    </ul>
  </nav>
</div>
`;
