// Jest Snapshot v1, https://goo.gl/fbAQLP

exports[`NavbarComponent should compile 1`] = `
<div
  id="root0"
  ng-version="6.0.2"
>
  
  <mat-toolbar
    class="mat-toolbar mat-primary mat-toolbar-single-row"
    color="primary"
    ng-reflect-color="primary"
  >
    <button
      angulartics2on="click"
      angularticsaction="ToggleSideMenu"
      class="mat-icon-button"
      mat-icon-button=""
      title="toggle menu"
    >
      <span
        class="mat-button-wrapper"
      >
        <mat-icon
          aria-hidden="true"
          class="mat-icon material-icons"
          pmsvg="menu_24"
          role="img"
        />
      </span>
      <div
        class="mat-button-ripple mat-ripple mat-button-ripple-round"
        matripple=""
        ng-reflect-centered="true"
        ng-reflect-disabled="false"
        ng-reflect-trigger="[object HTMLButtonElement]"
      />
      <div
        class="mat-button-focus-overlay"
      />
    </button>
    <a
      aria-disabled="false"
      class="mat-button"
      href="/"
      mat-button=""
      ng-reflect-router-link=""
      routerlink=""
      tabindex="0"
      title="Fusing Angular"
    >
      <span
        class="mat-button-wrapper"
      >
        <mat-icon
          aria-hidden="true"
          class="mat-icon material-icons"
          pmsvg="logo"
          role="img"
        />
        <span>
          Fusing Angular
        </span>
      </span>
      <div
        class="mat-button-ripple mat-ripple"
        matripple=""
        ng-reflect-centered="false"
        ng-reflect-disabled="false"
        ng-reflect-trigger="/"
      />
      <div
        class="mat-button-focus-overlay"
      />
    </a>
    <span
      class="fx-1"
    />
    <div>
      <a
        aria-disabled="false"
        class="mat-button"
        href="/readme"
        mat-button=""
        ng-reflect-router-link="readme"
        routerlink="readme"
        tabindex="0"
        title="I am a lazy module for the readme page"
      >
        <span
          class="mat-button-wrapper"
        >
          Readme
        </span>
        <div
          class="mat-button-ripple mat-ripple"
          matripple=""
          ng-reflect-centered="false"
          ng-reflect-disabled="false"
          ng-reflect-trigger="/readme"
        />
        <div
          class="mat-button-focus-overlay"
        />
      </a>
      <a
        aria-disabled="false"
        class="mat-button"
        href="/about"
        mat-button=""
        ng-reflect-router-link="about"
        routerlink="about"
        tabindex="0"
        title="I am a lazy module for the about page"
      >
        <span
          class="mat-button-wrapper"
        >
          Performance
        </span>
        <div
          class="mat-button-ripple mat-ripple"
          matripple=""
          ng-reflect-centered="false"
          ng-reflect-disabled="false"
          ng-reflect-trigger="/about"
        />
        <div
          class="mat-button-focus-overlay"
        />
      </a>
      <a
        aria-disabled="false"
        class="mat-button"
        href="/demos"
        mat-button=""
        ng-reflect-router-link="demos"
        routerlink="demos"
        tabindex="0"
        title="I am a lazy module for the demos page"
      >
        <span
          class="mat-button-wrapper"
        >
          Isomorphic
        </span>
        <div
          class="mat-button-ripple mat-ripple"
          matripple=""
          ng-reflect-centered="false"
          ng-reflect-disabled="false"
          ng-reflect-trigger="/demos"
        />
        <div
          class="mat-button-focus-overlay"
        />
      </a>
      <a
        aria-disabled="false"
        class="mat-button"
        href="api-docs"
        mat-button=""
        pmexternallink=""
        tabindex="0"
        title="View the rest API docs"
      >
        <span
          class="mat-button-wrapper"
        >
          API
        </span>
        <div
          class="mat-button-ripple mat-ripple"
          matripple=""
          ng-reflect-centered="false"
          ng-reflect-disabled="false"
          ng-reflect-trigger="api-docs"
        />
        <div
          class="mat-button-focus-overlay"
        />
      </a>
    </div>
    <button
      aria-haspopup="true"
      class="mat-icon-button"
      id="user-menu-btn"
      mat-icon-button=""
      ng-reflect-menu="[object Object]"
      title="toggle user quick access menu"
    >
      <span
        class="mat-button-wrapper"
      >
        <mat-icon
          aria-hidden="true"
          class="mat-icon material-icons"
          pmsvg="account_circle_24"
          role="img"
        />
      </span>
      <div
        class="mat-button-ripple mat-ripple mat-button-ripple-round"
        matripple=""
        ng-reflect-centered="true"
        ng-reflect-disabled="false"
        ng-reflect-trigger="[object HTMLButtonElement]"
      />
      <div
        class="mat-button-focus-overlay"
      />
    </button>
    <mat-menu
      ng-reflect-ng-switch="1"
    >
      
    </mat-menu>
  </mat-toolbar>
</div>
`;
