// Jest Snapshot v1, https://goo.gl/fbAQLP

exports[`App component should build without a problem 1`] = `
<div
  id="root0"
  ng-version="6.0.1"
>
  <pm-app>
    <div>
      <pm-navbar>
        
      </pm-navbar>
      <div
        class="nav-filler"
      />
      
    </div>
  </pm-app>
</div>
`;
