// Jest Snapshot v1, https://goo.gl/fbAQLP

exports[`AboutComponent should compile 1`] = `
<test-component>
  <pm-about>
    <mat-card
      class="mat-card"
    >
      <h2>
        Lighthouse Benchmark
      </h2>
      <img
        src="https://user-images.githubusercontent.com/6701211/38121989-140a8952-3398-11e8-8ad9-31d9939c740e.png"
      />
      
      <i
        ng-reflect-pm-svg="airplanemode_inactive_48"
        pmsvg="airplanemode_inactive_48"
      />
    </mat-card>
  </pm-about>
</test-component>
`;
